// Jest Snapshot v1, https://goo.gl/fbAQLP

exports[`Ethereum Widget Component that the ethereum widget snapshot is correct 1`] = `
<div>
  <div
    class="widget-container"
  >
    <h2
      data-testid="widget-title"
    >
      Network Simulation
    </h2>
  </div>
</div>
`;
